../Core/Src/stm32f0xx_hal_msp.c:64:6:HAL_MspInit	8	static
../Core/Src/stm32f0xx_hal_msp.c:87:6:HAL_ADC_MspInit	48	static
../Core/Src/stm32f0xx_hal_msp.c:139:6:HAL_ADC_MspDeInit	8	static
../Core/Src/stm32f0xx_hal_msp.c:170:6:HAL_CAN_MspInit	48	static
../Core/Src/stm32f0xx_hal_msp.c:217:6:HAL_CAN_MspDeInit	8	static
../Core/Src/stm32f0xx_hal_msp.c:248:6:HAL_I2C_MspInit	40	static
../Core/Src/stm32f0xx_hal_msp.c:285:6:HAL_I2C_MspDeInit	8	static
../Core/Src/stm32f0xx_hal_msp.c:316:6:HAL_UART_MspInit	40	static
../Core/Src/stm32f0xx_hal_msp.c:353:6:HAL_UART_MspDeInit	8	static
