../Core/Src/main.c:112:6:initPins	8	static
../Core/Src/main.c:117:5:readPinState	8	static
../Core/Src/main.c:122:6:writePinState	8	static
../Core/Src/main.c:127:6:toggleLED	8	static
../Core/Src/main.c:133:6:activateLEDusingButton	8	static
../Core/Src/main.c:148:6:HAL_ADC_ConvCpltCallback	0	static
../Core/Src/main.c:154:6:potentiometer	16	static
../Core/Src/main.c:171:7:thermistor	24	static
../Core/Src/main.c:186:6:readMultipleADC	24	static
../Core/Src/main.c:211:6:lsm303dlhc_init_la	40	static
../Core/Src/main.c:266:10:lsm303dlhc_read_la	72	static
../Core/Src/main.c:320:6:CAN_Transmit	32	static
../Core/Src/main.c:425:6:SystemClock_Config	104	static,ignoring_inline_asm
../Core/Src/main.c:347:5:main	64	static,ignoring_inline_asm
../Core/Src/main.c:706:6:Error_Handler	0	static,ignoring_inline_asm
