../Core/Src/main.c:70:6:initPins	8	static
../Core/Src/main.c:74:5:readPinState	8	static
../Core/Src/main.c:78:6:writePinState	8	static
../Core/Src/main.c:82:6:toggleLED	8	static
../Core/Src/main.c:87:6:activateLEDusingButton	8	static
../Core/Src/main.c:95:6:potentiometer	8	static
../Core/Src/main.c:108:6:thermistor	32	static
../Core/Src/main.c:195:6:SystemClock_Config	80	static,ignoring_inline_asm
../Core/Src/main.c:137:5:main	64	static,ignoring_inline_asm
../Core/Src/main.c:377:6:Error_Handler	0	static,ignoring_inline_asm
