../Core/Src/stm32f0xx_hal_msp.c:64:6:HAL_MspInit	8	static
../Core/Src/stm32f0xx_hal_msp.c:87:6:HAL_ADC_MspInit	48	static
../Core/Src/stm32f0xx_hal_msp.c:145:6:HAL_ADC_MspDeInit	8	static
../Core/Src/stm32f0xx_hal_msp.c:178:6:HAL_CAN_MspInit	48	static
../Core/Src/stm32f0xx_hal_msp.c:222:6:HAL_CAN_MspDeInit	8	static
../Core/Src/stm32f0xx_hal_msp.c:251:6:HAL_I2C_MspInit	48	static
../Core/Src/stm32f0xx_hal_msp.c:296:6:HAL_I2C_MspDeInit	8	static
../Core/Src/stm32f0xx_hal_msp.c:327:6:HAL_UART_MspInit	40	static
../Core/Src/stm32f0xx_hal_msp.c:364:6:HAL_UART_MspDeInit	8	static
