../Core/Src/main.c:112:6:initPins	8	static
../Core/Src/main.c:117:5:readPinState	16	static
../Core/Src/main.c:122:6:writePinState	16	static
../Core/Src/main.c:127:6:toggleLED	8	static
../Core/Src/main.c:133:6:activateLEDusingButton	8	static
../Core/Src/main.c:148:6:HAL_ADC_ConvCpltCallback	16	static
../Core/Src/main.c:154:6:potentiometer	24	static
../Core/Src/main.c:171:7:thermistor	64	static
../Core/Src/main.c:186:6:readMultipleADC	32	static
../Core/Src/main.c:209:6:lsm303dlhc_init_la	32	static
../Core/Src/main.c:264:10:lsm303dlhc_read_la	72	static
../Core/Src/main.c:367:5:main	8	static
../Core/Src/main.c:441:6:SystemClock_Config	112	static
../Core/Src/main.c:484:13:MX_ADC_Init	24	static
../Core/Src/main.c:547:13:MX_CAN_Init	8	static
../Core/Src/main.c:584:13:MX_I2C1_Init	8	static
../Core/Src/main.c:632:13:MX_USART2_UART_Init	8	static
../Core/Src/main.c:665:13:MX_DMA_Init	16	static
../Core/Src/main.c:683:13:MX_GPIO_Init	48	static
../Core/Src/main.c:722:6:Error_Handler	8	static,ignoring_inline_asm
