../Core/Src/main.c:106:6:initPins	8	static
../Core/Src/main.c:111:5:readPinState	16	static
../Core/Src/main.c:116:6:writePinState	16	static
../Core/Src/main.c:121:6:toggleLED	8	static
../Core/Src/main.c:127:6:activateLEDusingButton	8	static
../Core/Src/main.c:143:6:HAL_ADC_ConvCpltCallback	16	static
../Core/Src/main.c:149:6:potentiometer	24	static
../Core/Src/main.c:166:7:thermistor	64	static
../Core/Src/main.c:181:6:readMultipleADC	32	static
../Core/Src/main.c:205:6:lsm303dlhc_init_la	32	static
../Core/Src/main.c:260:6:lsm303dlhc_read_la	72	static
../Core/Src/main.c:311:5:main	8	static
../Core/Src/main.c:380:6:SystemClock_Config	112	static
../Core/Src/main.c:423:13:MX_ADC_Init	24	static
../Core/Src/main.c:485:13:MX_I2C1_Init	8	static
../Core/Src/main.c:533:13:MX_USART2_UART_Init	8	static
../Core/Src/main.c:566:13:MX_DMA_Init	16	static
../Core/Src/main.c:584:13:MX_GPIO_Init	48	static
../Core/Src/main.c:633:6:Error_Handler	8	static,ignoring_inline_asm
