../Core/Src/main.c:109:6:CAN_Transmit	32	static
../Core/Src/main.c:243:6:lsm303dlhc_init_la	32	static
../Core/Src/main.c:296:10:lsm303dlhc_read_la	72	static
../Core/Src/main.c:351:5:main	16	static
../Core/Src/main.c:422:6:SystemClock_Config	112	static
../Core/Src/main.c:465:13:MX_ADC_Init	24	static
../Core/Src/main.c:528:13:MX_CAN_Init	8	static
../Core/Src/main.c:565:13:MX_I2C1_Init	8	static
../Core/Src/main.c:613:13:MX_USART2_UART_Init	8	static
../Core/Src/main.c:646:13:MX_DMA_Init	16	static
../Core/Src/main.c:664:13:MX_GPIO_Init	48	static
../Core/Src/main.c:713:6:Error_Handler	8	static,ignoring_inline_asm
