../Core/Src/main.c:66:6:configureFilter	8	static
../Core/Src/main.c:90:6:UART_Print	16	static
../Core/Src/main.c:101:6:HAL_CAN_RxFifo0MsgPendingCallback	16	static
../Core/Src/main.c:120:6:lcd_send_data	32	static
../Core/Src/main.c:144:6:lcd_send_cmd	32	static
../Core/Src/main.c:161:6:lcd_init	8	static
../Core/Src/main.c:186:6:lcd_clear	16	static
../Core/Src/main.c:195:6:lcd_send_string	16	static
../Core/Src/main.c:200:6:setCursor	16	static
../Core/Src/main.c:211:6:writeOnLCD	24	static
../Core/Src/main.c:235:5:main	128	static
../Core/Src/main.c:379:6:SystemClock_Config	88	static
../Core/Src/main.c:429:6:Error_Handler	4	static,ignoring_inline_asm
